Archive member included to satisfy reference by file (symbol)

c:/st/stm32cubeide_1.10.1/stm32cubeide/plugins/com.st.stm32cube.ide.mcu.externaltools.gnu-tools-for-stm32.10.3-2021.10.win32_1.0.0.202111181127/tools/bin/../lib/gcc/arm-none-eabi/10.3.1/../../../../arm-none-eabi/lib/thumb/v7e-m+fp/hard\libc_nano.a(lib_a-exit.o)
                              c:/st/stm32cubeide_1.10.1/stm32cubeide/plugins/com.st.stm32cube.ide.mcu.externaltools.gnu-tools-for-stm32.10.3-2021.10.win32_1.0.0.202111181127/tools/bin/../lib/gcc/arm-none-eabi/10.3.1/../../../../arm-none-eabi/lib/thumb/v7e-m+fp/hard/crt0.o (exit)
c:/st/stm32cubeide_1.10.1/stm32cubeide/plugins/com.st.stm32cube.ide.mcu.externaltools.gnu-tools-for-stm32.10.3-2021.10.win32_1.0.0.202111181127/tools/bin/../lib/gcc/arm-none-eabi/10.3.1/../../../../arm-none-eabi/lib/thumb/v7e-m+fp/hard\libc_nano.a(lib_a-impure.o)
                              c:/st/stm32cubeide_1.10.1/stm32cubeide/plugins/com.st.stm32cube.ide.mcu.externaltools.gnu-tools-for-stm32.10.3-2021.10.win32_1.0.0.202111181127/tools/bin/../lib/gcc/arm-none-eabi/10.3.1/../../../../arm-none-eabi/lib/thumb/v7e-m+fp/hard\libc_nano.a(lib_a-exit.o) (_global_impure_ptr)
c:/st/stm32cubeide_1.10.1/stm32cubeide/plugins/com.st.stm32cube.ide.mcu.externaltools.gnu-tools-for-stm32.10.3-2021.10.win32_1.0.0.202111181127/tools/bin/../lib/gcc/arm-none-eabi/10.3.1/../../../../arm-none-eabi/lib/thumb/v7e-m+fp/hard\libc_nano.a(lib_a-init.o)
                              c:/st/stm32cubeide_1.10.1/stm32cubeide/plugins/com.st.stm32cube.ide.mcu.externaltools.gnu-tools-for-stm32.10.3-2021.10.win32_1.0.0.202111181127/tools/bin/../lib/gcc/arm-none-eabi/10.3.1/../../../../arm-none-eabi/lib/thumb/v7e-m+fp/hard/crt0.o (__libc_init_array)
c:/st/stm32cubeide_1.10.1/stm32cubeide/plugins/com.st.stm32cube.ide.mcu.externaltools.gnu-tools-for-stm32.10.3-2021.10.win32_1.0.0.202111181127/tools/bin/../lib/gcc/arm-none-eabi/10.3.1/../../../../arm-none-eabi/lib/thumb/v7e-m+fp/hard\libc_nano.a(lib_a-memset.o)
                              c:/st/stm32cubeide_1.10.1/stm32cubeide/plugins/com.st.stm32cube.ide.mcu.externaltools.gnu-tools-for-stm32.10.3-2021.10.win32_1.0.0.202111181127/tools/bin/../lib/gcc/arm-none-eabi/10.3.1/../../../../arm-none-eabi/lib/thumb/v7e-m+fp/hard/crt0.o (memset)
c:/st/stm32cubeide_1.10.1/stm32cubeide/plugins/com.st.stm32cube.ide.mcu.externaltools.gnu-tools-for-stm32.10.3-2021.10.win32_1.0.0.202111181127/tools/bin/../lib/gcc/arm-none-eabi/10.3.1/../../../../arm-none-eabi/lib/thumb/v7e-m+fp/hard\libnosys.a(_exit.o)
                              c:/st/stm32cubeide_1.10.1/stm32cubeide/plugins/com.st.stm32cube.ide.mcu.externaltools.gnu-tools-for-stm32.10.3-2021.10.win32_1.0.0.202111181127/tools/bin/../lib/gcc/arm-none-eabi/10.3.1/../../../../arm-none-eabi/lib/thumb/v7e-m+fp/hard\libc_nano.a(lib_a-exit.o) (_exit)

Discarded input sections

 .text          0x0000000000000000        0x0 c:/st/stm32cubeide_1.10.1/stm32cubeide/plugins/com.st.stm32cube.ide.mcu.externaltools.gnu-tools-for-stm32.10.3-2021.10.win32_1.0.0.202111181127/tools/bin/../lib/gcc/arm-none-eabi/10.3.1/thumb/v7e-m+fp/hard/crti.o
 .data          0x0000000000000000        0x0 c:/st/stm32cubeide_1.10.1/stm32cubeide/plugins/com.st.stm32cube.ide.mcu.externaltools.gnu-tools-for-stm32.10.3-2021.10.win32_1.0.0.202111181127/tools/bin/../lib/gcc/arm-none-eabi/10.3.1/thumb/v7e-m+fp/hard/crti.o
 .bss           0x0000000000000000        0x0 c:/st/stm32cubeide_1.10.1/stm32cubeide/plugins/com.st.stm32cube.ide.mcu.externaltools.gnu-tools-for-stm32.10.3-2021.10.win32_1.0.0.202111181127/tools/bin/../lib/gcc/arm-none-eabi/10.3.1/thumb/v7e-m+fp/hard/crti.o
 .data          0x0000000000000000        0x4 c:/st/stm32cubeide_1.10.1/stm32cubeide/plugins/com.st.stm32cube.ide.mcu.externaltools.gnu-tools-for-stm32.10.3-2021.10.win32_1.0.0.202111181127/tools/bin/../lib/gcc/arm-none-eabi/10.3.1/thumb/v7e-m+fp/hard/crtbegin.o
 .rodata        0x0000000000000000       0x24 c:/st/stm32cubeide_1.10.1/stm32cubeide/plugins/com.st.stm32cube.ide.mcu.externaltools.gnu-tools-for-stm32.10.3-2021.10.win32_1.0.0.202111181127/tools/bin/../lib/gcc/arm-none-eabi/10.3.1/thumb/v7e-m+fp/hard/crtbegin.o
 .text          0x0000000000000000       0x7c c:/st/stm32cubeide_1.10.1/stm32cubeide/plugins/com.st.stm32cube.ide.mcu.externaltools.gnu-tools-for-stm32.10.3-2021.10.win32_1.0.0.202111181127/tools/bin/../lib/gcc/arm-none-eabi/10.3.1/../../../../arm-none-eabi/lib/thumb/v7e-m+fp/hard/crt0.o
 .data          0x0000000000000000        0x0 c:/st/stm32cubeide_1.10.1/stm32cubeide/plugins/com.st.stm32cube.ide.mcu.externaltools.gnu-tools-for-stm32.10.3-2021.10.win32_1.0.0.202111181127/tools/bin/../lib/gcc/arm-none-eabi/10.3.1/../../../../arm-none-eabi/lib/thumb/v7e-m+fp/hard/crt0.o
 .bss           0x0000000000000000        0x0 c:/st/stm32cubeide_1.10.1/stm32cubeide/plugins/com.st.stm32cube.ide.mcu.externaltools.gnu-tools-for-stm32.10.3-2021.10.win32_1.0.0.202111181127/tools/bin/../lib/gcc/arm-none-eabi/10.3.1/../../../../arm-none-eabi/lib/thumb/v7e-m+fp/hard/crt0.o
 .ARM.extab     0x0000000000000000        0x0 c:/st/stm32cubeide_1.10.1/stm32cubeide/plugins/com.st.stm32cube.ide.mcu.externaltools.gnu-tools-for-stm32.10.3-2021.10.win32_1.0.0.202111181127/tools/bin/../lib/gcc/arm-none-eabi/10.3.1/../../../../arm-none-eabi/lib/thumb/v7e-m+fp/hard/crt0.o
 .ARM.exidx     0x0000000000000000       0x10 c:/st/stm32cubeide_1.10.1/stm32cubeide/plugins/com.st.stm32cube.ide.mcu.externaltools.gnu-tools-for-stm32.10.3-2021.10.win32_1.0.0.202111181127/tools/bin/../lib/gcc/arm-none-eabi/10.3.1/../../../../arm-none-eabi/lib/thumb/v7e-m+fp/hard/crt0.o
 .ARM.attributes
                0x0000000000000000       0x1c c:/st/stm32cubeide_1.10.1/stm32cubeide/plugins/com.st.stm32cube.ide.mcu.externaltools.gnu-tools-for-stm32.10.3-2021.10.win32_1.0.0.202111181127/tools/bin/../lib/gcc/arm-none-eabi/10.3.1/../../../../arm-none-eabi/lib/thumb/v7e-m+fp/hard/crt0.o
 .text          0x0000000000000000        0x0 ./Core/Include/main_h.o
 .data          0x0000000000000000        0x0 ./Core/Include/main_h.o
 .bss           0x0000000000000000        0x0 ./Core/Include/main_h.o
 .ARM.attributes
                0x0000000000000000       0x20 ./Core/Include/main_h.o
 .text          0x0000000000000000        0x0 ./Core/Source/main.o
 .bss           0x0000000000000000        0x0 ./Core/Source/main.o
 .text.FSM_b1_state
                0x0000000000000000       0x44 ./Core/Source/main.o
 .text.Update_LD2
                0x0000000000000000       0x20 ./Core/Source/main.o
 .text          0x0000000000000000        0x0 ./Drivers/STM32L476_BSP_N64_ASM/Include/stm32l476_bsp_n64_h.o
 .data          0x0000000000000000        0x0 ./Drivers/STM32L476_BSP_N64_ASM/Include/stm32l476_bsp_n64_h.o
 .bss           0x0000000000000000        0x0 ./Drivers/STM32L476_BSP_N64_ASM/Include/stm32l476_bsp_n64_h.o
 .ARM.attributes
                0x0000000000000000       0x20 ./Drivers/STM32L476_BSP_N64_ASM/Include/stm32l476_bsp_n64_h.o
 .text          0x0000000000000000        0x0 ./Drivers/STM32L476_BSP_N64_ASM/Source/stm32l476_bsp_ng4.o
 .data          0x0000000000000000        0x0 ./Drivers/STM32L476_BSP_N64_ASM/Source/stm32l476_bsp_ng4.o
 .bss           0x0000000000000000        0x0 ./Drivers/STM32L476_BSP_N64_ASM/Source/stm32l476_bsp_ng4.o
 .text.LD2_Init
                0x0000000000000000       0x24 ./Drivers/STM32L476_BSP_N64_ASM/Source/stm32l476_bsp_ng4.o
 .text.B1_Init  0x0000000000000000       0x2c ./Drivers/STM32L476_BSP_N64_ASM/Source/stm32l476_bsp_ng4.o
 .text.LD2_Set  0x0000000000000000       0x10 ./Drivers/STM32L476_BSP_N64_ASM/Source/stm32l476_bsp_ng4.o
 .text.LD2_Clear
                0x0000000000000000       0x10 ./Drivers/STM32L476_BSP_N64_ASM/Source/stm32l476_bsp_ng4.o
 .text          0x0000000000000000        0x0 ./Drivers/STM32L476_MSP_ASM/Include/stm32l476_constants.o
 .data          0x0000000000000000        0x0 ./Drivers/STM32L476_MSP_ASM/Include/stm32l476_constants.o
 .bss           0x0000000000000000        0x0 ./Drivers/STM32L476_MSP_ASM/Include/stm32l476_constants.o
 .ARM.attributes
                0x0000000000000000       0x20 ./Drivers/STM32L476_MSP_ASM/Include/stm32l476_constants.o
 .text          0x0000000000000000        0x0 ./Drivers/STM32L476_MSP_ASM/Include/stm32l476_msp_gpio_h.o
 .data          0x0000000000000000        0x0 ./Drivers/STM32L476_MSP_ASM/Include/stm32l476_msp_gpio_h.o
 .bss           0x0000000000000000        0x0 ./Drivers/STM32L476_MSP_ASM/Include/stm32l476_msp_gpio_h.o
 .ARM.attributes
                0x0000000000000000       0x20 ./Drivers/STM32L476_MSP_ASM/Include/stm32l476_msp_gpio_h.o
 .text          0x0000000000000000        0x0 ./Drivers/STM32L476_MSP_ASM/Include/stm32l476_msp_rcc_h.o
 .data          0x0000000000000000        0x0 ./Drivers/STM32L476_MSP_ASM/Include/stm32l476_msp_rcc_h.o
 .bss           0x0000000000000000        0x0 ./Drivers/STM32L476_MSP_ASM/Include/stm32l476_msp_rcc_h.o
 .ARM.attributes
                0x0000000000000000       0x20 ./Drivers/STM32L476_MSP_ASM/Include/stm32l476_msp_rcc_h.o
 .text          0x0000000000000000        0x0 ./Drivers/STM32L476_MSP_ASM/Include/stm32l476_msp_stk_h.o
 .data          0x0000000000000000        0x0 ./Drivers/STM32L476_MSP_ASM/Include/stm32l476_msp_stk_h.o
 .bss           0x0000000000000000        0x0 ./Drivers/STM32L476_MSP_ASM/Include/stm32l476_msp_stk_h.o
 .ARM.attributes
                0x0000000000000000       0x20 ./Drivers/STM32L476_MSP_ASM/Include/stm32l476_msp_stk_h.o
 .text          0x0000000000000000        0x0 ./Drivers/STM32L476_MSP_ASM/Source/stm32l476_msp_gpio.o
 .data          0x0000000000000000        0x0 ./Drivers/STM32L476_MSP_ASM/Source/stm32l476_msp_gpio.o
 .bss           0x0000000000000000        0x0 ./Drivers/STM32L476_MSP_ASM/Source/stm32l476_msp_gpio.o
 .text          0x0000000000000000        0x0 ./Drivers/STM32L476_MSP_ASM/Source/stm32l476_msp_rcc.o
 .data          0x0000000000000000        0x0 ./Drivers/STM32L476_MSP_ASM/Source/stm32l476_msp_rcc.o
 .bss           0x0000000000000000        0x0 ./Drivers/STM32L476_MSP_ASM/Source/stm32l476_msp_rcc.o
 .text          0x0000000000000000        0x0 ./Drivers/STM32L476_MSP_ASM/Source/stm32l476_msp_stk.o
 .bss           0x0000000000000000        0x0 ./Drivers/STM32L476_MSP_ASM/Source/stm32l476_msp_stk.o
 .text.SysTick_Config
                0x0000000000000000       0x34 ./Drivers/STM32L476_MSP_ASM/Source/stm32l476_msp_stk.o
 .text.GetTick  0x0000000000000000        0xc ./Drivers/STM32L476_MSP_ASM/Source/stm32l476_msp_stk.o
 .text.Delay    0x0000000000000000        0xa ./Drivers/STM32L476_MSP_ASM/Source/stm32l476_msp_stk.o
 .text          0x0000000000000000       0x14 ./Startup/startup_stm32l476rgtx.o
 .data          0x0000000000000000        0x0 ./Startup/startup_stm32l476rgtx.o
 .bss           0x0000000000000000        0x0 ./Startup/startup_stm32l476rgtx.o
 .text          0x0000000000000000        0x0 c:/st/stm32cubeide_1.10.1/stm32cubeide/plugins/com.st.stm32cube.ide.mcu.externaltools.gnu-tools-for-stm32.10.3-2021.10.win32_1.0.0.202111181127/tools/bin/../lib/gcc/arm-none-eabi/10.3.1/../../../../arm-none-eabi/lib/thumb/v7e-m+fp/hard\libc_nano.a(lib_a-exit.o)
 .data          0x0000000000000000        0x0 c:/st/stm32cubeide_1.10.1/stm32cubeide/plugins/com.st.stm32cube.ide.mcu.externaltools.gnu-tools-for-stm32.10.3-2021.10.win32_1.0.0.202111181127/tools/bin/../lib/gcc/arm-none-eabi/10.3.1/../../../../arm-none-eabi/lib/thumb/v7e-m+fp/hard\libc_nano.a(lib_a-exit.o)
 .bss           0x0000000000000000        0x0 c:/st/stm32cubeide_1.10.1/stm32cubeide/plugins/com.st.stm32cube.ide.mcu.externaltools.gnu-tools-for-stm32.10.3-2021.10.win32_1.0.0.202111181127/tools/bin/../lib/gcc/arm-none-eabi/10.3.1/../../../../arm-none-eabi/lib/thumb/v7e-m+fp/hard\libc_nano.a(lib_a-exit.o)
 .text.exit     0x0000000000000000       0x28 c:/st/stm32cubeide_1.10.1/stm32cubeide/plugins/com.st.stm32cube.ide.mcu.externaltools.gnu-tools-for-stm32.10.3-2021.10.win32_1.0.0.202111181127/tools/bin/../lib/gcc/arm-none-eabi/10.3.1/../../../../arm-none-eabi/lib/thumb/v7e-m+fp/hard\libc_nano.a(lib_a-exit.o)
 .debug_frame   0x0000000000000000       0x28 c:/st/stm32cubeide_1.10.1/stm32cubeide/plugins/com.st.stm32cube.ide.mcu.externaltools.gnu-tools-for-stm32.10.3-2021.10.win32_1.0.0.202111181127/tools/bin/../lib/gcc/arm-none-eabi/10.3.1/../../../../arm-none-eabi/lib/thumb/v7e-m+fp/hard\libc_nano.a(lib_a-exit.o)
 .ARM.attributes
                0x0000000000000000       0x34 c:/st/stm32cubeide_1.10.1/stm32cubeide/plugins/com.st.stm32cube.ide.mcu.externaltools.gnu-tools-for-stm32.10.3-2021.10.win32_1.0.0.202111181127/tools/bin/../lib/gcc/arm-none-eabi/10.3.1/../../../../arm-none-eabi/lib/thumb/v7e-m+fp/hard\libc_nano.a(lib_a-exit.o)
 .text          0x0000000000000000        0x0 c:/st/stm32cubeide_1.10.1/stm32cubeide/plugins/com.st.stm32cube.ide.mcu.externaltools.gnu-tools-for-stm32.10.3-2021.10.win32_1.0.0.202111181127/tools/bin/../lib/gcc/arm-none-eabi/10.3.1/../../../../arm-none-eabi/lib/thumb/v7e-m+fp/hard\libc_nano.a(lib_a-impure.o)
 .data          0x0000000000000000        0x0 c:/st/stm32cubeide_1.10.1/stm32cubeide/plugins/com.st.stm32cube.ide.mcu.externaltools.gnu-tools-for-stm32.10.3-2021.10.win32_1.0.0.202111181127/tools/bin/../lib/gcc/arm-none-eabi/10.3.1/../../../../arm-none-eabi/lib/thumb/v7e-m+fp/hard\libc_nano.a(lib_a-impure.o)
 .bss           0x0000000000000000        0x0 c:/st/stm32cubeide_1.10.1/stm32cubeide/plugins/com.st.stm32cube.ide.mcu.externaltools.gnu-tools-for-stm32.10.3-2021.10.win32_1.0.0.202111181127/tools/bin/../lib/gcc/arm-none-eabi/10.3.1/../../../../arm-none-eabi/lib/thumb/v7e-m+fp/hard\libc_nano.a(lib_a-impure.o)
 .data._impure_ptr
                0x0000000000000000        0x4 c:/st/stm32cubeide_1.10.1/stm32cubeide/plugins/com.st.stm32cube.ide.mcu.externaltools.gnu-tools-for-stm32.10.3-2021.10.win32_1.0.0.202111181127/tools/bin/../lib/gcc/arm-none-eabi/10.3.1/../../../../arm-none-eabi/lib/thumb/v7e-m+fp/hard\libc_nano.a(lib_a-impure.o)
 .data.impure_data
                0x0000000000000000       0x60 c:/st/stm32cubeide_1.10.1/stm32cubeide/plugins/com.st.stm32cube.ide.mcu.externaltools.gnu-tools-for-stm32.10.3-2021.10.win32_1.0.0.202111181127/tools/bin/../lib/gcc/arm-none-eabi/10.3.1/../../../../arm-none-eabi/lib/thumb/v7e-m+fp/hard\libc_nano.a(lib_a-impure.o)
 .rodata._global_impure_ptr
                0x0000000000000000        0x4 c:/st/stm32cubeide_1.10.1/stm32cubeide/plugins/com.st.stm32cube.ide.mcu.externaltools.gnu-tools-for-stm32.10.3-2021.10.win32_1.0.0.202111181127/tools/bin/../lib/gcc/arm-none-eabi/10.3.1/../../../../arm-none-eabi/lib/thumb/v7e-m+fp/hard\libc_nano.a(lib_a-impure.o)
 .ARM.attributes
                0x0000000000000000       0x34 c:/st/stm32cubeide_1.10.1/stm32cubeide/plugins/com.st.stm32cube.ide.mcu.externaltools.gnu-tools-for-stm32.10.3-2021.10.win32_1.0.0.202111181127/tools/bin/../lib/gcc/arm-none-eabi/10.3.1/../../../../arm-none-eabi/lib/thumb/v7e-m+fp/hard\libc_nano.a(lib_a-impure.o)
 .text          0x0000000000000000        0x0 c:/st/stm32cubeide_1.10.1/stm32cubeide/plugins/com.st.stm32cube.ide.mcu.externaltools.gnu-tools-for-stm32.10.3-2021.10.win32_1.0.0.202111181127/tools/bin/../lib/gcc/arm-none-eabi/10.3.1/../../../../arm-none-eabi/lib/thumb/v7e-m+fp/hard\libc_nano.a(lib_a-init.o)
 .data          0x0000000000000000        0x0 c:/st/stm32cubeide_1.10.1/stm32cubeide/plugins/com.st.stm32cube.ide.mcu.externaltools.gnu-tools-for-stm32.10.3-2021.10.win32_1.0.0.202111181127/tools/bin/../lib/gcc/arm-none-eabi/10.3.1/../../../../arm-none-eabi/lib/thumb/v7e-m+fp/hard\libc_nano.a(lib_a-init.o)
 .bss           0x0000000000000000        0x0 c:/st/stm32cubeide_1.10.1/stm32cubeide/plugins/com.st.stm32cube.ide.mcu.externaltools.gnu-tools-for-stm32.10.3-2021.10.win32_1.0.0.202111181127/tools/bin/../lib/gcc/arm-none-eabi/10.3.1/../../../../arm-none-eabi/lib/thumb/v7e-m+fp/hard\libc_nano.a(lib_a-init.o)
 .text          0x0000000000000000        0x0 c:/st/stm32cubeide_1.10.1/stm32cubeide/plugins/com.st.stm32cube.ide.mcu.externaltools.gnu-tools-for-stm32.10.3-2021.10.win32_1.0.0.202111181127/tools/bin/../lib/gcc/arm-none-eabi/10.3.1/../../../../arm-none-eabi/lib/thumb/v7e-m+fp/hard\libc_nano.a(lib_a-memset.o)
 .data          0x0000000000000000        0x0 c:/st/stm32cubeide_1.10.1/stm32cubeide/plugins/com.st.stm32cube.ide.mcu.externaltools.gnu-tools-for-stm32.10.3-2021.10.win32_1.0.0.202111181127/tools/bin/../lib/gcc/arm-none-eabi/10.3.1/../../../../arm-none-eabi/lib/thumb/v7e-m+fp/hard\libc_nano.a(lib_a-memset.o)
 .bss           0x0000000000000000        0x0 c:/st/stm32cubeide_1.10.1/stm32cubeide/plugins/com.st.stm32cube.ide.mcu.externaltools.gnu-tools-for-stm32.10.3-2021.10.win32_1.0.0.202111181127/tools/bin/../lib/gcc/arm-none-eabi/10.3.1/../../../../arm-none-eabi/lib/thumb/v7e-m+fp/hard\libc_nano.a(lib_a-memset.o)
 .text.memset   0x0000000000000000       0x10 c:/st/stm32cubeide_1.10.1/stm32cubeide/plugins/com.st.stm32cube.ide.mcu.externaltools.gnu-tools-for-stm32.10.3-2021.10.win32_1.0.0.202111181127/tools/bin/../lib/gcc/arm-none-eabi/10.3.1/../../../../arm-none-eabi/lib/thumb/v7e-m+fp/hard\libc_nano.a(lib_a-memset.o)
 .debug_frame   0x0000000000000000       0x20 c:/st/stm32cubeide_1.10.1/stm32cubeide/plugins/com.st.stm32cube.ide.mcu.externaltools.gnu-tools-for-stm32.10.3-2021.10.win32_1.0.0.202111181127/tools/bin/../lib/gcc/arm-none-eabi/10.3.1/../../../../arm-none-eabi/lib/thumb/v7e-m+fp/hard\libc_nano.a(lib_a-memset.o)
 .ARM.attributes
                0x0000000000000000       0x34 c:/st/stm32cubeide_1.10.1/stm32cubeide/plugins/com.st.stm32cube.ide.mcu.externaltools.gnu-tools-for-stm32.10.3-2021.10.win32_1.0.0.202111181127/tools/bin/../lib/gcc/arm-none-eabi/10.3.1/../../../../arm-none-eabi/lib/thumb/v7e-m+fp/hard\libc_nano.a(lib_a-memset.o)
 .text          0x0000000000000000        0x0 c:/st/stm32cubeide_1.10.1/stm32cubeide/plugins/com.st.stm32cube.ide.mcu.externaltools.gnu-tools-for-stm32.10.3-2021.10.win32_1.0.0.202111181127/tools/bin/../lib/gcc/arm-none-eabi/10.3.1/../../../../arm-none-eabi/lib/thumb/v7e-m+fp/hard\libnosys.a(_exit.o)
 .data          0x0000000000000000        0x0 c:/st/stm32cubeide_1.10.1/stm32cubeide/plugins/com.st.stm32cube.ide.mcu.externaltools.gnu-tools-for-stm32.10.3-2021.10.win32_1.0.0.202111181127/tools/bin/../lib/gcc/arm-none-eabi/10.3.1/../../../../arm-none-eabi/lib/thumb/v7e-m+fp/hard\libnosys.a(_exit.o)
 .bss           0x0000000000000000        0x0 c:/st/stm32cubeide_1.10.1/stm32cubeide/plugins/com.st.stm32cube.ide.mcu.externaltools.gnu-tools-for-stm32.10.3-2021.10.win32_1.0.0.202111181127/tools/bin/../lib/gcc/arm-none-eabi/10.3.1/../../../../arm-none-eabi/lib/thumb/v7e-m+fp/hard\libnosys.a(_exit.o)
 .text._exit    0x0000000000000000        0x2 c:/st/stm32cubeide_1.10.1/stm32cubeide/plugins/com.st.stm32cube.ide.mcu.externaltools.gnu-tools-for-stm32.10.3-2021.10.win32_1.0.0.202111181127/tools/bin/../lib/gcc/arm-none-eabi/10.3.1/../../../../arm-none-eabi/lib/thumb/v7e-m+fp/hard\libnosys.a(_exit.o)
 .debug_frame   0x0000000000000000       0x20 c:/st/stm32cubeide_1.10.1/stm32cubeide/plugins/com.st.stm32cube.ide.mcu.externaltools.gnu-tools-for-stm32.10.3-2021.10.win32_1.0.0.202111181127/tools/bin/../lib/gcc/arm-none-eabi/10.3.1/../../../../arm-none-eabi/lib/thumb/v7e-m+fp/hard\libnosys.a(_exit.o)
 .ARM.attributes
                0x0000000000000000       0x34 c:/st/stm32cubeide_1.10.1/stm32cubeide/plugins/com.st.stm32cube.ide.mcu.externaltools.gnu-tools-for-stm32.10.3-2021.10.win32_1.0.0.202111181127/tools/bin/../lib/gcc/arm-none-eabi/10.3.1/../../../../arm-none-eabi/lib/thumb/v7e-m+fp/hard\libnosys.a(_exit.o)
 .text          0x0000000000000000        0x0 c:/st/stm32cubeide_1.10.1/stm32cubeide/plugins/com.st.stm32cube.ide.mcu.externaltools.gnu-tools-for-stm32.10.3-2021.10.win32_1.0.0.202111181127/tools/bin/../lib/gcc/arm-none-eabi/10.3.1/thumb/v7e-m+fp/hard/crtend.o
 .data          0x0000000000000000        0x0 c:/st/stm32cubeide_1.10.1/stm32cubeide/plugins/com.st.stm32cube.ide.mcu.externaltools.gnu-tools-for-stm32.10.3-2021.10.win32_1.0.0.202111181127/tools/bin/../lib/gcc/arm-none-eabi/10.3.1/thumb/v7e-m+fp/hard/crtend.o
 .bss           0x0000000000000000        0x0 c:/st/stm32cubeide_1.10.1/stm32cubeide/plugins/com.st.stm32cube.ide.mcu.externaltools.gnu-tools-for-stm32.10.3-2021.10.win32_1.0.0.202111181127/tools/bin/../lib/gcc/arm-none-eabi/10.3.1/thumb/v7e-m+fp/hard/crtend.o
 .rodata        0x0000000000000000       0x24 c:/st/stm32cubeide_1.10.1/stm32cubeide/plugins/com.st.stm32cube.ide.mcu.externaltools.gnu-tools-for-stm32.10.3-2021.10.win32_1.0.0.202111181127/tools/bin/../lib/gcc/arm-none-eabi/10.3.1/thumb/v7e-m+fp/hard/crtend.o
 .eh_frame      0x0000000000000000        0x4 c:/st/stm32cubeide_1.10.1/stm32cubeide/plugins/com.st.stm32cube.ide.mcu.externaltools.gnu-tools-for-stm32.10.3-2021.10.win32_1.0.0.202111181127/tools/bin/../lib/gcc/arm-none-eabi/10.3.1/thumb/v7e-m+fp/hard/crtend.o
 .ARM.attributes
                0x0000000000000000       0x34 c:/st/stm32cubeide_1.10.1/stm32cubeide/plugins/com.st.stm32cube.ide.mcu.externaltools.gnu-tools-for-stm32.10.3-2021.10.win32_1.0.0.202111181127/tools/bin/../lib/gcc/arm-none-eabi/10.3.1/thumb/v7e-m+fp/hard/crtend.o
 .text          0x0000000000000000        0x0 c:/st/stm32cubeide_1.10.1/stm32cubeide/plugins/com.st.stm32cube.ide.mcu.externaltools.gnu-tools-for-stm32.10.3-2021.10.win32_1.0.0.202111181127/tools/bin/../lib/gcc/arm-none-eabi/10.3.1/thumb/v7e-m+fp/hard/crtn.o
 .data          0x0000000000000000        0x0 c:/st/stm32cubeide_1.10.1/stm32cubeide/plugins/com.st.stm32cube.ide.mcu.externaltools.gnu-tools-for-stm32.10.3-2021.10.win32_1.0.0.202111181127/tools/bin/../lib/gcc/arm-none-eabi/10.3.1/thumb/v7e-m+fp/hard/crtn.o
 .bss           0x0000000000000000        0x0 c:/st/stm32cubeide_1.10.1/stm32cubeide/plugins/com.st.stm32cube.ide.mcu.externaltools.gnu-tools-for-stm32.10.3-2021.10.win32_1.0.0.202111181127/tools/bin/../lib/gcc/arm-none-eabi/10.3.1/thumb/v7e-m+fp/hard/crtn.o

Memory Configuration

Name             Origin             Length             Attributes
RAM              0x0000000020000000 0x0000000000018000 xrw
SRAM2            0x0000000010000000 0x0000000000008000 xrw
FLASH            0x0000000008000000 0x0000000000100000 xr
*default*        0x0000000000000000 0xffffffffffffffff

Linker script and memory map

LOAD c:/st/stm32cubeide_1.10.1/stm32cubeide/plugins/com.st.stm32cube.ide.mcu.externaltools.gnu-tools-for-stm32.10.3-2021.10.win32_1.0.0.202111181127/tools/bin/../lib/gcc/arm-none-eabi/10.3.1/thumb/v7e-m+fp/hard/crti.o
LOAD c:/st/stm32cubeide_1.10.1/stm32cubeide/plugins/com.st.stm32cube.ide.mcu.externaltools.gnu-tools-for-stm32.10.3-2021.10.win32_1.0.0.202111181127/tools/bin/../lib/gcc/arm-none-eabi/10.3.1/thumb/v7e-m+fp/hard/crtbegin.o
LOAD c:/st/stm32cubeide_1.10.1/stm32cubeide/plugins/com.st.stm32cube.ide.mcu.externaltools.gnu-tools-for-stm32.10.3-2021.10.win32_1.0.0.202111181127/tools/bin/../lib/gcc/arm-none-eabi/10.3.1/../../../../arm-none-eabi/lib/thumb/v7e-m+fp/hard/crt0.o
LOAD ./Core/Include/main_h.o
LOAD ./Core/Source/main.o
LOAD ./Drivers/STM32L476_BSP_N64_ASM/Include/stm32l476_bsp_n64_h.o
LOAD ./Drivers/STM32L476_BSP_N64_ASM/Source/stm32l476_bsp_ng4.o
LOAD ./Drivers/STM32L476_MSP_ASM/Include/stm32l476_constants.o
LOAD ./Drivers/STM32L476_MSP_ASM/Include/stm32l476_msp_gpio_h.o
LOAD ./Drivers/STM32L476_MSP_ASM/Include/stm32l476_msp_rcc_h.o
LOAD ./Drivers/STM32L476_MSP_ASM/Include/stm32l476_msp_stk_h.o
LOAD ./Drivers/STM32L476_MSP_ASM/Source/stm32l476_msp_gpio.o
LOAD ./Drivers/STM32L476_MSP_ASM/Source/stm32l476_msp_rcc.o
LOAD ./Drivers/STM32L476_MSP_ASM/Source/stm32l476_msp_stk.o
LOAD ./Startup/startup_stm32l476rgtx.o
START GROUP
LOAD c:/st/stm32cubeide_1.10.1/stm32cubeide/plugins/com.st.stm32cube.ide.mcu.externaltools.gnu-tools-for-stm32.10.3-2021.10.win32_1.0.0.202111181127/tools/bin/../lib/gcc/arm-none-eabi/10.3.1/../../../../arm-none-eabi/lib/thumb/v7e-m+fp/hard\libc_nano.a
LOAD c:/st/stm32cubeide_1.10.1/stm32cubeide/plugins/com.st.stm32cube.ide.mcu.externaltools.gnu-tools-for-stm32.10.3-2021.10.win32_1.0.0.202111181127/tools/bin/../lib/gcc/arm-none-eabi/10.3.1/../../../../arm-none-eabi/lib/thumb/v7e-m+fp/hard\libm.a
END GROUP
START GROUP
LOAD c:/st/stm32cubeide_1.10.1/stm32cubeide/plugins/com.st.stm32cube.ide.mcu.externaltools.gnu-tools-for-stm32.10.3-2021.10.win32_1.0.0.202111181127/tools/bin/../lib/gcc/arm-none-eabi/10.3.1/thumb/v7e-m+fp/hard\libgcc.a
LOAD c:/st/stm32cubeide_1.10.1/stm32cubeide/plugins/com.st.stm32cube.ide.mcu.externaltools.gnu-tools-for-stm32.10.3-2021.10.win32_1.0.0.202111181127/tools/bin/../lib/gcc/arm-none-eabi/10.3.1/../../../../arm-none-eabi/lib/thumb/v7e-m+fp/hard\libc_nano.a
END GROUP
START GROUP
LOAD c:/st/stm32cubeide_1.10.1/stm32cubeide/plugins/com.st.stm32cube.ide.mcu.externaltools.gnu-tools-for-stm32.10.3-2021.10.win32_1.0.0.202111181127/tools/bin/../lib/gcc/arm-none-eabi/10.3.1/thumb/v7e-m+fp/hard\libgcc.a
LOAD c:/st/stm32cubeide_1.10.1/stm32cubeide/plugins/com.st.stm32cube.ide.mcu.externaltools.gnu-tools-for-stm32.10.3-2021.10.win32_1.0.0.202111181127/tools/bin/../lib/gcc/arm-none-eabi/10.3.1/../../../../arm-none-eabi/lib/thumb/v7e-m+fp/hard\libc_nano.a
LOAD c:/st/stm32cubeide_1.10.1/stm32cubeide/plugins/com.st.stm32cube.ide.mcu.externaltools.gnu-tools-for-stm32.10.3-2021.10.win32_1.0.0.202111181127/tools/bin/../lib/gcc/arm-none-eabi/10.3.1/../../../../arm-none-eabi/lib/thumb/v7e-m+fp/hard\libnosys.a
END GROUP
START GROUP
LOAD c:/st/stm32cubeide_1.10.1/stm32cubeide/plugins/com.st.stm32cube.ide.mcu.externaltools.gnu-tools-for-stm32.10.3-2021.10.win32_1.0.0.202111181127/tools/bin/../lib/gcc/arm-none-eabi/10.3.1/thumb/v7e-m+fp/hard\libgcc.a
LOAD c:/st/stm32cubeide_1.10.1/stm32cubeide/plugins/com.st.stm32cube.ide.mcu.externaltools.gnu-tools-for-stm32.10.3-2021.10.win32_1.0.0.202111181127/tools/bin/../lib/gcc/arm-none-eabi/10.3.1/../../../../arm-none-eabi/lib/thumb/v7e-m+fp/hard\libc_nano.a
LOAD c:/st/stm32cubeide_1.10.1/stm32cubeide/plugins/com.st.stm32cube.ide.mcu.externaltools.gnu-tools-for-stm32.10.3-2021.10.win32_1.0.0.202111181127/tools/bin/../lib/gcc/arm-none-eabi/10.3.1/../../../../arm-none-eabi/lib/thumb/v7e-m+fp/hard\libnosys.a
END GROUP
LOAD c:/st/stm32cubeide_1.10.1/stm32cubeide/plugins/com.st.stm32cube.ide.mcu.externaltools.gnu-tools-for-stm32.10.3-2021.10.win32_1.0.0.202111181127/tools/bin/../lib/gcc/arm-none-eabi/10.3.1/thumb/v7e-m+fp/hard/crtend.o
LOAD c:/st/stm32cubeide_1.10.1/stm32cubeide/plugins/com.st.stm32cube.ide.mcu.externaltools.gnu-tools-for-stm32.10.3-2021.10.win32_1.0.0.202111181127/tools/bin/../lib/gcc/arm-none-eabi/10.3.1/thumb/v7e-m+fp/hard/crtn.o
                0x0000000020018000                _estack = (ORIGIN (RAM) + LENGTH (RAM))
                0x0000000000000200                _Min_Heap_Size = 0x200
                0x0000000000000400                _Min_Stack_Size = 0x400

.isr_vector     0x0000000008000000      0x188
                0x0000000008000000                . = ALIGN (0x4)
 *(.isr_vector)
 .isr_vector    0x0000000008000000      0x188 ./Startup/startup_stm32l476rgtx.o
                0x0000000008000000                g_pfnVectors
                0x0000000008000188                . = ALIGN (0x4)

.text           0x0000000008000188      0x95c
                0x0000000008000188                . = ALIGN (0x4)
 *(.text)
 .text          0x0000000008000188       0x40 c:/st/stm32cubeide_1.10.1/stm32cubeide/plugins/com.st.stm32cube.ide.mcu.externaltools.gnu-tools-for-stm32.10.3-2021.10.win32_1.0.0.202111181127/tools/bin/../lib/gcc/arm-none-eabi/10.3.1/thumb/v7e-m+fp/hard/crtbegin.o
 *(.text*)
 .text.main     0x00000000080001c8       0xa2 ./Core/Source/main.o
                0x00000000080001c8                main
 *fill*         0x000000000800026a        0x2 
 .text.FSM_Turn_Left
                0x000000000800026c       0xec ./Core/Source/main.o
 .text.FSM_Turn_Right
                0x0000000008000358       0xec ./Core/Source/main.o
 .text.FSM_Stop
                0x0000000008000444       0x8c ./Core/Source/main.o
 .text.FSM_D4_Blink
                0x00000000080004d0       0x2c ./Core/Source/main.o
 .text.FSM_s1_state
                0x00000000080004fc       0x44 ./Core/Source/main.o
 .text.FSM_s2_state
                0x0000000008000540       0x44 ./Core/Source/main.o
 .text.FSM_s3_state
                0x0000000008000584       0x44 ./Core/Source/main.o
 .text.Update_D1
                0x00000000080005c8       0x20 ./Core/Source/main.o
 .text.Update_D2
                0x00000000080005e8       0x20 ./Core/Source/main.o
 .text.Update_D3
                0x0000000008000608       0x20 ./Core/Source/main.o
 .text.Update_Inputs
                0x0000000008000628       0x50 ./Core/Source/main.o
 .text.MFShield_Sx_Init
                0x0000000008000678       0x44 ./Core/Source/main.o
 .text.MFShield_Dx_Init
                0x00000000080006bc       0x74 ./Core/Source/main.o
 .text.BB_Lx_Init
                0x0000000008000730       0x90 ./Core/Source/main.o
 .text.D1_Set   0x00000000080007c0       0x10 ./Core/Source/main.o
 .text.D1_Clear
                0x00000000080007d0       0x10 ./Core/Source/main.o
 .text.D2_Set   0x00000000080007e0       0x10 ./Core/Source/main.o
 .text.D2_Clear
                0x00000000080007f0       0x10 ./Core/Source/main.o
 .text.D3_Set   0x0000000008000800       0x10 ./Core/Source/main.o
 .text.D3_Clear
                0x0000000008000810       0x10 ./Core/Source/main.o
 .text.BB_L0_Set
                0x0000000008000820       0x14 ./Core/Source/main.o
 .text.BB_L0_Clear
                0x0000000008000834       0x14 ./Core/Source/main.o
 .text.BB_L1_Set
                0x0000000008000848       0x14 ./Core/Source/main.o
 .text.BB_L1_Clear
                0x000000000800085c       0x14 ./Core/Source/main.o
 .text.BB_L2_Set
                0x0000000008000870       0x14 ./Core/Source/main.o
 .text.BB_L2_Clear
                0x0000000008000884       0x14 ./Core/Source/main.o
 .text.BB_L3_Set
                0x0000000008000898       0x14 ./Core/Source/main.o
 .text.BB_L3_Clear
                0x00000000080008ac       0x14 ./Core/Source/main.o
 .text.BB_L4_Set
                0x00000000080008c0       0x10 ./Core/Source/main.o
 .text.BB_L4_Clear
                0x00000000080008d0       0x10 ./Core/Source/main.o
 .text.BB_L5_Set
                0x00000000080008e0       0x10 ./Core/Source/main.o
 .text.BB_L5_Clear
                0x00000000080008f0       0x10 ./Core/Source/main.o
 .text.BB_L6_Set
                0x0000000008000900       0x14 ./Core/Source/main.o
 .text.BB_L6_Clear
                0x0000000008000914       0x14 ./Core/Source/main.o
 .text.BB_L7_Set
                0x0000000008000928       0x14 ./Core/Source/main.o
 .text.BB_L7_Clear
                0x000000000800093c       0x14 ./Core/Source/main.o
 .text.PB_Read  0x0000000008000950       0x18 ./Drivers/STM32L476_BSP_N64_ASM/Source/stm32l476_bsp_ng4.o
                0x0000000008000950                PB_Read
 .text.GPIO_MODER_Init
                0x0000000008000968        0xe ./Drivers/STM32L476_MSP_ASM/Source/stm32l476_msp_gpio.o
                0x0000000008000968                GPIO_MODER_Init
 .text.GPIO_PUPDR_Init
                0x0000000008000976        0xe ./Drivers/STM32L476_MSP_ASM/Source/stm32l476_msp_gpio.o
                0x0000000008000976                GPIO_PUPDR_Init
 .text.GPIO_OTYPER_Init
                0x0000000008000984        0xe ./Drivers/STM32L476_MSP_ASM/Source/stm32l476_msp_gpio.o
                0x0000000008000984                GPIO_OTYPER_Init
 .text.GPIO_Set
                0x0000000008000992        0x4 ./Drivers/STM32L476_MSP_ASM/Source/stm32l476_msp_gpio.o
                0x0000000008000992                GPIO_Set
 .text.GPIO_Clear
                0x0000000008000996        0x4 ./Drivers/STM32L476_MSP_ASM/Source/stm32l476_msp_gpio.o
                0x0000000008000996                GPIO_Clear
 .text.GPIO_Toggle
                0x000000000800099a        0xa ./Drivers/STM32L476_MSP_ASM/Source/stm32l476_msp_gpio.o
                0x000000000800099a                GPIO_Toggle
 .text.GPIO_Read
                0x00000000080009a4        0x8 ./Drivers/STM32L476_MSP_ASM/Source/stm32l476_msp_gpio.o
                0x00000000080009a4                GPIO_Read
 .text.RCC_AHB2ENR_Init
                0x00000000080009ac        0xa ./Drivers/STM32L476_MSP_ASM/Source/stm32l476_msp_rcc.o
                0x00000000080009ac                RCC_AHB2ENR_Init
 *fill*         0x00000000080009b6        0x2 
 .text.SysTick_Handler
                0x00000000080009b8       0x14 ./Drivers/STM32L476_MSP_ASM/Source/stm32l476_msp_stk.o
                0x00000000080009b8                SysTick_Handler
 .text.STK_Config_Polling
                0x00000000080009cc       0x38 ./Drivers/STM32L476_MSP_ASM/Source/stm32l476_msp_stk.o
                0x00000000080009cc                STK_Config_Polling
 .text.STK_Polling
                0x0000000008000a04       0x20 ./Drivers/STM32L476_MSP_ASM/Source/stm32l476_msp_stk.o
                0x0000000008000a04                STK_Polling
 .text.STK_Get_msTick
                0x0000000008000a24        0xc ./Drivers/STM32L476_MSP_ASM/Source/stm32l476_msp_stk.o
                0x0000000008000a24                STK_Get_msTick
 .text.Reset_Handler
                0x0000000008000a30       0x50 ./Startup/startup_stm32l476rgtx.o
                0x0000000008000a30                Reset_Handler
 .text.Default_Handler
                0x0000000008000a80        0x2 ./Startup/startup_stm32l476rgtx.o
                0x0000000008000a80                EXTI2_IRQHandler
                0x0000000008000a80                TIM8_TRG_COM_IRQHandler
                0x0000000008000a80                TIM8_CC_IRQHandler
                0x0000000008000a80                DebugMon_Handler
                0x0000000008000a80                DMA1_CH4_IRQHandler
                0x0000000008000a80                TIM1_CC_IRQHandler
                0x0000000008000a80                TSC_IRQHandler
                0x0000000008000a80                HardFault_Handler
                0x0000000008000a80                TAMP_STAMP_IRQHandler
                0x0000000008000a80                PendSV_Handler
                0x0000000008000a80                NMI_Handler
                0x0000000008000a80                EXTI3_IRQHandler
                0x0000000008000a80                LPTIM2_IRQHandler
                0x0000000008000a80                DFSDM1_FLT1_IRQHandler
                0x0000000008000a80                I2C3_ER_IRQHandler
                0x0000000008000a80                DFSDM1_FLT2_IRQHandler
                0x0000000008000a80                TIM6_DACUNDER_IRQHandler
                0x0000000008000a80                EXTI0_IRQHandler
                0x0000000008000a80                I2C2_EV_IRQHandler
                0x0000000008000a80                DMA2_CH1_IRQHandler
                0x0000000008000a80                CAN1_RX0_IRQHandler
                0x0000000008000a80                FPU_IRQHandler
                0x0000000008000a80                TIM1_UP_TIM16_IRQHandler
                0x0000000008000a80                DMA2_CH7_IRQHandler
                0x0000000008000a80                UsageFault_Handler
                0x0000000008000a80                ADC1_2_IRQHandler
                0x0000000008000a80                SPI1_IRQHandler
                0x0000000008000a80                DMA1_CH7_IRQHandler
                0x0000000008000a80                TIM8_UP_IRQHandler
                0x0000000008000a80                RTC_ALARM_IRQHandler
                0x0000000008000a80                SAI2_IRQHandler
                0x0000000008000a80                DFSDM1_FLT3_IRQHandler
                0x0000000008000a80                DMA1_CH6_IRQHandler
                0x0000000008000a80                USART3_IRQHandler
                0x0000000008000a80                CAN1_RX1_IRQHandler
                0x0000000008000a80                LCD_IRQHandler
                0x0000000008000a80                UART5_IRQHandler
                0x0000000008000a80                ADC3_IRQHandler
                0x0000000008000a80                TIM4_IRQHandler
                0x0000000008000a80                QUADSPI_IRQHandler
                0x0000000008000a80                I2C1_EV_IRQHandler
                0x0000000008000a80                DMA2_CH5_IRQHandler
                0x0000000008000a80                UART4_IRQHandler
                0x0000000008000a80                DMA1_CH3_IRQHandler
                0x0000000008000a80                TIM3_IRQHandler
                0x0000000008000a80                RCC_IRQHandler
                0x0000000008000a80                Default_Handler
                0x0000000008000a80                EXTI15_10_IRQHandler
                0x0000000008000a80                TIM7_IRQHandler
                0x0000000008000a80                SDMMC1_IRQHandler
                0x0000000008000a80                TIM5_IRQHandler
                0x0000000008000a80                I2C3_EV_IRQHandler
                0x0000000008000a80                EXTI9_5_IRQHandler
                0x0000000008000a80                DMA1_CH2_IRQHandler
                0x0000000008000a80                RTC_WKUP_IRQHandler
                0x0000000008000a80                PVD_PVM_IRQHandler
                0x0000000008000a80                SPI2_IRQHandler
                0x0000000008000a80                DMA1_CH1_IRQHandler
                0x0000000008000a80                MemManage_Handler
                0x0000000008000a80                CAN1_TX_IRQHandler
                0x0000000008000a80                SVC_Handler
                0x0000000008000a80                EXTI4_IRQHandler
                0x0000000008000a80                RNG_IRQHandler
                0x0000000008000a80                TIM1_TRG_COM_TIM17_IRQHandler
                0x0000000008000a80                COMP_IRQHandler
                0x0000000008000a80                WWDG_IRQHandler
                0x0000000008000a80                LPUART1_IRQHandler
                0x0000000008000a80                TIM2_IRQHandler
                0x0000000008000a80                EXTI1_IRQHandler
                0x0000000008000a80                AES_IRQHandler
                0x0000000008000a80                USART2_IRQHandler
                0x0000000008000a80                DFSDM1_FLT0_IRQHandler
                0x0000000008000a80                I2C2_ER_IRQHandler
                0x0000000008000a80                TIM8_BRK_IRQHandler
                0x0000000008000a80                CAN1_SCE_IRQHandler
                0x0000000008000a80                FLASH_IRQHandler
                0x0000000008000a80                BusFault_Handler
                0x0000000008000a80                USART1_IRQHandler
                0x0000000008000a80                OTG_FS_IRQHandler
                0x0000000008000a80                SPI3_IRQHandler
                0x0000000008000a80                DMA2_CH6_IRQHandler
                0x0000000008000a80                DMA2_CH3_IRQHandler
                0x0000000008000a80                DMA2_CH2_IRQHandler
                0x0000000008000a80                I2C1_ER_IRQHandler
                0x0000000008000a80                FMC_IRQHandler
                0x0000000008000a80                DMA1_CH5_IRQHandler
                0x0000000008000a80                DMA2_CH4_IRQHandler
                0x0000000008000a80                SWPMI1_IRQHandler
                0x0000000008000a80                LPTIM1_IRQHandler
                0x0000000008000a80                SAI1_IRQHandler
                0x0000000008000a80                TIM1_BRK_TIM15_IRQHandler
 *fill*         0x0000000008000a82        0x2 
 .text.__libc_init_array
                0x0000000008000a84       0x48 c:/st/stm32cubeide_1.10.1/stm32cubeide/plugins/com.st.stm32cube.ide.mcu.externaltools.gnu-tools-for-stm32.10.3-2021.10.win32_1.0.0.202111181127/tools/bin/../lib/gcc/arm-none-eabi/10.3.1/../../../../arm-none-eabi/lib/thumb/v7e-m+fp/hard\libc_nano.a(lib_a-init.o)
                0x0000000008000a84                __libc_init_array
 *(.glue_7)
 .glue_7        0x0000000008000acc        0x0 linker stubs
 *(.glue_7t)
 .glue_7t       0x0000000008000acc        0x0 linker stubs
 *(.eh_frame)
 .eh_frame      0x0000000008000acc        0x0 c:/st/stm32cubeide_1.10.1/stm32cubeide/plugins/com.st.stm32cube.ide.mcu.externaltools.gnu-tools-for-stm32.10.3-2021.10.win32_1.0.0.202111181127/tools/bin/../lib/gcc/arm-none-eabi/10.3.1/thumb/v7e-m+fp/hard/crtbegin.o
 *(.init)
 .init          0x0000000008000acc        0x4 c:/st/stm32cubeide_1.10.1/stm32cubeide/plugins/com.st.stm32cube.ide.mcu.externaltools.gnu-tools-for-stm32.10.3-2021.10.win32_1.0.0.202111181127/tools/bin/../lib/gcc/arm-none-eabi/10.3.1/thumb/v7e-m+fp/hard/crti.o
                0x0000000008000acc                _init
 .init          0x0000000008000ad0        0x8 c:/st/stm32cubeide_1.10.1/stm32cubeide/plugins/com.st.stm32cube.ide.mcu.externaltools.gnu-tools-for-stm32.10.3-2021.10.win32_1.0.0.202111181127/tools/bin/../lib/gcc/arm-none-eabi/10.3.1/thumb/v7e-m+fp/hard/crtn.o
 *(.fini)
 .fini          0x0000000008000ad8        0x4 c:/st/stm32cubeide_1.10.1/stm32cubeide/plugins/com.st.stm32cube.ide.mcu.externaltools.gnu-tools-for-stm32.10.3-2021.10.win32_1.0.0.202111181127/tools/bin/../lib/gcc/arm-none-eabi/10.3.1/thumb/v7e-m+fp/hard/crti.o
                0x0000000008000ad8                _fini
 .fini          0x0000000008000adc        0x8 c:/st/stm32cubeide_1.10.1/stm32cubeide/plugins/com.st.stm32cube.ide.mcu.externaltools.gnu-tools-for-stm32.10.3-2021.10.win32_1.0.0.202111181127/tools/bin/../lib/gcc/arm-none-eabi/10.3.1/thumb/v7e-m+fp/hard/crtn.o
                0x0000000008000ae4                . = ALIGN (0x4)
                0x0000000008000ae4                _etext = .

.vfp11_veneer   0x0000000008000ae4        0x0
 .vfp11_veneer  0x0000000008000ae4        0x0 linker stubs

.v4_bx          0x0000000008000ae4        0x0
 .v4_bx         0x0000000008000ae4        0x0 linker stubs

.iplt           0x0000000008000ae4        0x0
 .iplt          0x0000000008000ae4        0x0 c:/st/stm32cubeide_1.10.1/stm32cubeide/plugins/com.st.stm32cube.ide.mcu.externaltools.gnu-tools-for-stm32.10.3-2021.10.win32_1.0.0.202111181127/tools/bin/../lib/gcc/arm-none-eabi/10.3.1/thumb/v7e-m+fp/hard/crtbegin.o

.rel.dyn        0x0000000008000ae4        0x0
 .rel.iplt      0x0000000008000ae4        0x0 c:/st/stm32cubeide_1.10.1/stm32cubeide/plugins/com.st.stm32cube.ide.mcu.externaltools.gnu-tools-for-stm32.10.3-2021.10.win32_1.0.0.202111181127/tools/bin/../lib/gcc/arm-none-eabi/10.3.1/thumb/v7e-m+fp/hard/crtbegin.o

.rodata         0x0000000008000ae4        0x0
                0x0000000008000ae4                . = ALIGN (0x4)
 *(.rodata)
 *(.rodata*)
                0x0000000008000ae4                . = ALIGN (0x4)

.ARM.extab      0x0000000008000ae4        0x0
                0x0000000008000ae4                . = ALIGN (0x4)
 *(.ARM.extab* .gnu.linkonce.armextab.*)
                0x0000000008000ae4                . = ALIGN (0x4)

.ARM            0x0000000008000ae4        0x0
                0x0000000008000ae4                . = ALIGN (0x4)
                0x0000000008000ae4                __exidx_start = .
 *(.ARM.exidx*)
                0x0000000008000ae4                __exidx_end = .
                0x0000000008000ae4                . = ALIGN (0x4)

.preinit_array  0x0000000008000ae4        0x0
                0x0000000008000ae4                . = ALIGN (0x4)
                0x0000000008000ae4                PROVIDE (__preinit_array_start = .)
 *(.preinit_array*)
                0x0000000008000ae4                PROVIDE (__preinit_array_end = .)
                0x0000000008000ae4                . = ALIGN (0x4)

.init_array     0x0000000008000ae4        0x4
                0x0000000008000ae4                . = ALIGN (0x4)
                0x0000000008000ae4                PROVIDE (__init_array_start = .)
 *(SORT_BY_NAME(.init_array.*))
 *(.init_array*)
 .init_array    0x0000000008000ae4        0x4 c:/st/stm32cubeide_1.10.1/stm32cubeide/plugins/com.st.stm32cube.ide.mcu.externaltools.gnu-tools-for-stm32.10.3-2021.10.win32_1.0.0.202111181127/tools/bin/../lib/gcc/arm-none-eabi/10.3.1/thumb/v7e-m+fp/hard/crtbegin.o
                0x0000000008000ae8                PROVIDE (__init_array_end = .)
                0x0000000008000ae8                . = ALIGN (0x4)

.fini_array     0x0000000008000ae8        0x4
                0x0000000008000ae8                . = ALIGN (0x4)
                [!provide]                        PROVIDE (__fini_array_start = .)
 *(SORT_BY_NAME(.fini_array.*))
 *(.fini_array*)
 .fini_array    0x0000000008000ae8        0x4 c:/st/stm32cubeide_1.10.1/stm32cubeide/plugins/com.st.stm32cube.ide.mcu.externaltools.gnu-tools-for-stm32.10.3-2021.10.win32_1.0.0.202111181127/tools/bin/../lib/gcc/arm-none-eabi/10.3.1/thumb/v7e-m+fp/hard/crtbegin.o
                [!provide]                        PROVIDE (__fini_array_end = .)
                0x0000000008000aec                . = ALIGN (0x4)
                0x0000000008000aec                _sidata = LOADADDR (.data)

.data           0x0000000020000000       0x54 load address 0x0000000008000aec
                0x0000000020000000                . = ALIGN (0x4)
                0x0000000020000000                _sdata = .
 *(.data)
 .data          0x0000000020000000       0x4c ./Core/Source/main.o
 .data          0x000000002000004c        0x8 ./Drivers/STM32L476_MSP_ASM/Source/stm32l476_msp_stk.o
 *(.data*)
 *(.RamFunc)
 *(.RamFunc*)
                0x0000000020000054                . = ALIGN (0x4)
                0x0000000020000054                _edata = .
                0x0000000008000b40                _sisram2 = LOADADDR (.sram2)

.igot.plt       0x0000000020000054        0x0 load address 0x0000000008000b40
 .igot.plt      0x0000000020000054        0x0 c:/st/stm32cubeide_1.10.1/stm32cubeide/plugins/com.st.stm32cube.ide.mcu.externaltools.gnu-tools-for-stm32.10.3-2021.10.win32_1.0.0.202111181127/tools/bin/../lib/gcc/arm-none-eabi/10.3.1/thumb/v7e-m+fp/hard/crtbegin.o

.sram2          0x0000000010000000        0x0 load address 0x0000000008000b40
                0x0000000010000000                . = ALIGN (0x4)
                0x0000000010000000                _ssram2 = .
 *(.sram2)
 *(.sram2*)
                0x0000000010000000                . = ALIGN (0x4)
                0x0000000010000000                _esram2 = .
                0x0000000010000000                . = ALIGN (0x4)

.bss            0x0000000020000054       0x1c
                0x0000000020000054                _sbss = .
                0x0000000020000054                __bss_start__ = _sbss
 *(.bss)
 .bss           0x0000000020000054       0x1c c:/st/stm32cubeide_1.10.1/stm32cubeide/plugins/com.st.stm32cube.ide.mcu.externaltools.gnu-tools-for-stm32.10.3-2021.10.win32_1.0.0.202111181127/tools/bin/../lib/gcc/arm-none-eabi/10.3.1/thumb/v7e-m+fp/hard/crtbegin.o
 *(.bss*)
 *(COMMON)
                0x0000000020000070                . = ALIGN (0x4)
                0x0000000020000070                _ebss = .
                0x0000000020000070                __bss_end__ = _ebss

._user_heap_stack
                0x0000000020000070      0x600
                0x0000000020000070                . = ALIGN (0x8)
                [!provide]                        PROVIDE (end = .)
                [!provide]                        PROVIDE (_end = .)
                0x0000000020000270                . = (. + _Min_Heap_Size)
 *fill*         0x0000000020000070      0x200 
                0x0000000020000670                . = (. + _Min_Stack_Size)
 *fill*         0x0000000020000270      0x400 
                0x0000000020000670                . = ALIGN (0x8)

/DISCARD/
 libc.a(*)
 libm.a(*)
 libgcc.a(*)

.ARM.attributes
                0x0000000000000000       0x30
 *(.ARM.attributes)
 .ARM.attributes
                0x0000000000000000       0x1e c:/st/stm32cubeide_1.10.1/stm32cubeide/plugins/com.st.stm32cube.ide.mcu.externaltools.gnu-tools-for-stm32.10.3-2021.10.win32_1.0.0.202111181127/tools/bin/../lib/gcc/arm-none-eabi/10.3.1/thumb/v7e-m+fp/hard/crti.o
 .ARM.attributes
                0x000000000000001e       0x34 c:/st/stm32cubeide_1.10.1/stm32cubeide/plugins/com.st.stm32cube.ide.mcu.externaltools.gnu-tools-for-stm32.10.3-2021.10.win32_1.0.0.202111181127/tools/bin/../lib/gcc/arm-none-eabi/10.3.1/thumb/v7e-m+fp/hard/crtbegin.o
 .ARM.attributes
                0x0000000000000052       0x20 ./Core/Source/main.o
 .ARM.attributes
                0x0000000000000072       0x20 ./Drivers/STM32L476_BSP_N64_ASM/Source/stm32l476_bsp_ng4.o
 .ARM.attributes
                0x0000000000000092       0x20 ./Drivers/STM32L476_MSP_ASM/Source/stm32l476_msp_gpio.o
 .ARM.attributes
                0x00000000000000b2       0x20 ./Drivers/STM32L476_MSP_ASM/Source/stm32l476_msp_rcc.o
 .ARM.attributes
                0x00000000000000d2       0x20 ./Drivers/STM32L476_MSP_ASM/Source/stm32l476_msp_stk.o
 .ARM.attributes
                0x00000000000000f2       0x21 ./Startup/startup_stm32l476rgtx.o
 .ARM.attributes
                0x0000000000000113       0x34 c:/st/stm32cubeide_1.10.1/stm32cubeide/plugins/com.st.stm32cube.ide.mcu.externaltools.gnu-tools-for-stm32.10.3-2021.10.win32_1.0.0.202111181127/tools/bin/../lib/gcc/arm-none-eabi/10.3.1/../../../../arm-none-eabi/lib/thumb/v7e-m+fp/hard\libc_nano.a(lib_a-init.o)
 .ARM.attributes
                0x0000000000000147       0x1e c:/st/stm32cubeide_1.10.1/stm32cubeide/plugins/com.st.stm32cube.ide.mcu.externaltools.gnu-tools-for-stm32.10.3-2021.10.win32_1.0.0.202111181127/tools/bin/../lib/gcc/arm-none-eabi/10.3.1/thumb/v7e-m+fp/hard/crtn.o
OUTPUT(Led_Sequence_Control_s.elf elf32-littlearm)
LOAD linker stubs
LOAD c:/st/stm32cubeide_1.10.1/stm32cubeide/plugins/com.st.stm32cube.ide.mcu.externaltools.gnu-tools-for-stm32.10.3-2021.10.win32_1.0.0.202111181127/tools/bin/../lib/gcc/arm-none-eabi/10.3.1/../../../../arm-none-eabi/lib/thumb/v7e-m+fp/hard\libc.a
LOAD c:/st/stm32cubeide_1.10.1/stm32cubeide/plugins/com.st.stm32cube.ide.mcu.externaltools.gnu-tools-for-stm32.10.3-2021.10.win32_1.0.0.202111181127/tools/bin/../lib/gcc/arm-none-eabi/10.3.1/../../../../arm-none-eabi/lib/thumb/v7e-m+fp/hard\libm.a
LOAD c:/st/stm32cubeide_1.10.1/stm32cubeide/plugins/com.st.stm32cube.ide.mcu.externaltools.gnu-tools-for-stm32.10.3-2021.10.win32_1.0.0.202111181127/tools/bin/../lib/gcc/arm-none-eabi/10.3.1/thumb/v7e-m+fp/hard\libgcc.a

.debug_line     0x0000000000000000      0x90a
 .debug_line    0x0000000000000000      0x56b ./Core/Source/main.o
 .debug_line    0x000000000000056b       0xd1 ./Drivers/STM32L476_BSP_N64_ASM/Source/stm32l476_bsp_ng4.o
 .debug_line    0x000000000000063c       0xd7 ./Drivers/STM32L476_MSP_ASM/Source/stm32l476_msp_gpio.o
 .debug_line    0x0000000000000713       0x6a ./Drivers/STM32L476_MSP_ASM/Source/stm32l476_msp_rcc.o
 .debug_line    0x000000000000077d      0x109 ./Drivers/STM32L476_MSP_ASM/Source/stm32l476_msp_stk.o
 .debug_line    0x0000000000000886       0x84 ./Startup/startup_stm32l476rgtx.o

.debug_info     0x0000000000000000       0xd0
 .debug_info    0x0000000000000000       0x22 ./Core/Source/main.o
 .debug_info    0x0000000000000022       0x22 ./Drivers/STM32L476_BSP_N64_ASM/Source/stm32l476_bsp_ng4.o
 .debug_info    0x0000000000000044       0x22 ./Drivers/STM32L476_MSP_ASM/Source/stm32l476_msp_gpio.o
 .debug_info    0x0000000000000066       0x26 ./Drivers/STM32L476_MSP_ASM/Source/stm32l476_msp_rcc.o
 .debug_info    0x000000000000008c       0x22 ./Drivers/STM32L476_MSP_ASM/Source/stm32l476_msp_stk.o
 .debug_info    0x00000000000000ae       0x22 ./Startup/startup_stm32l476rgtx.o

.debug_abbrev   0x0000000000000000       0x6e
 .debug_abbrev  0x0000000000000000       0x12 ./Core/Source/main.o
 .debug_abbrev  0x0000000000000012       0x12 ./Drivers/STM32L476_BSP_N64_ASM/Source/stm32l476_bsp_ng4.o
 .debug_abbrev  0x0000000000000024       0x12 ./Drivers/STM32L476_MSP_ASM/Source/stm32l476_msp_gpio.o
 .debug_abbrev  0x0000000000000036       0x14 ./Drivers/STM32L476_MSP_ASM/Source/stm32l476_msp_rcc.o
 .debug_abbrev  0x000000000000004a       0x12 ./Drivers/STM32L476_MSP_ASM/Source/stm32l476_msp_stk.o
 .debug_abbrev  0x000000000000005c       0x12 ./Startup/startup_stm32l476rgtx.o

.debug_aranges  0x0000000000000000      0x278
 .debug_aranges
                0x0000000000000000      0x150 ./Core/Source/main.o
 .debug_aranges
                0x0000000000000150       0x40 ./Drivers/STM32L476_BSP_N64_ASM/Source/stm32l476_bsp_ng4.o
 .debug_aranges
                0x0000000000000190       0x50 ./Drivers/STM32L476_MSP_ASM/Source/stm32l476_msp_gpio.o
 .debug_aranges
                0x00000000000001e0       0x20 ./Drivers/STM32L476_MSP_ASM/Source/stm32l476_msp_rcc.o
 .debug_aranges
                0x0000000000000200       0x50 ./Drivers/STM32L476_MSP_ASM/Source/stm32l476_msp_stk.o
 .debug_aranges
                0x0000000000000250       0x28 ./Startup/startup_stm32l476rgtx.o

.debug_str      0x0000000000000000      0x17d
 .debug_str     0x0000000000000000       0x75 ./Core/Source/main.o
 .debug_str     0x0000000000000075       0x3c ./Drivers/STM32L476_BSP_N64_ASM/Source/stm32l476_bsp_ng4.o
                                         0x9b (size before relaxing)
 .debug_str     0x00000000000000b1       0x39 ./Drivers/STM32L476_MSP_ASM/Source/stm32l476_msp_gpio.o
                                         0x98 (size before relaxing)
 .debug_str     0x00000000000000ea       0x38 ./Drivers/STM32L476_MSP_ASM/Source/stm32l476_msp_rcc.o
                                         0x97 (size before relaxing)
 .debug_str     0x0000000000000122       0x38 ./Drivers/STM32L476_MSP_ASM/Source/stm32l476_msp_stk.o
                                         0x97 (size before relaxing)
 .debug_str     0x000000000000015a       0x23 ./Startup/startup_stm32l476rgtx.o
                                         0x82 (size before relaxing)

.debug_ranges   0x0000000000000000      0x230
 .debug_ranges  0x0000000000000000      0x148 ./Core/Source/main.o
 .debug_ranges  0x0000000000000148       0x38 ./Drivers/STM32L476_BSP_N64_ASM/Source/stm32l476_bsp_ng4.o
 .debug_ranges  0x0000000000000180       0x48 ./Drivers/STM32L476_MSP_ASM/Source/stm32l476_msp_gpio.o
 .debug_ranges  0x00000000000001c8       0x48 ./Drivers/STM32L476_MSP_ASM/Source/stm32l476_msp_stk.o
 .debug_ranges  0x0000000000000210       0x20 ./Startup/startup_stm32l476rgtx.o

.debug_frame    0x0000000000000000       0x2c
 .debug_frame   0x0000000000000000       0x2c c:/st/stm32cubeide_1.10.1/stm32cubeide/plugins/com.st.stm32cube.ide.mcu.externaltools.gnu-tools-for-stm32.10.3-2021.10.win32_1.0.0.202111181127/tools/bin/../lib/gcc/arm-none-eabi/10.3.1/../../../../arm-none-eabi/lib/thumb/v7e-m+fp/hard\libc_nano.a(lib_a-init.o)
