20:15:01 **** Build of configuration Debug for project Parcial01 ****
make -j12 all 
arm-none-eabi-gcc -mcpu=cortex-m4 -g3 -DDEBUG -c -I"C:/Users/User/Desktop/GitHub/University/2022-II/Estructuras Computacionales/Tareas/Parcial_1/DRIVERS_/STM32L4xx_DRV_ASM/Include" -x assembler-with-cpp -MMD -MP -MF"Startup/startup_stm32l476rgtx.d" -MT"Startup/startup_stm32l476rgtx.o" --specs=nano.specs -mfpu=fpv4-sp-d16 -mfloat-abi=hard -mthumb -o "Startup/startup_stm32l476rgtx.o" "../Startup/startup_stm32l476rgtx.s"
arm-none-eabi-gcc -mcpu=cortex-m4 -g3 -DDEBUG -c -I"C:/Users/User/Desktop/GitHub/University/2022-II/Estructuras Computacionales/Tareas/Parcial_1/DRIVERS_/STM32L4xx_DRV_ASM/Include" -x assembler-with-cpp -MMD -MP -MF"Src/main.d" -MT"Src/main.o" --specs=nano.specs -mfpu=fpv4-sp-d16 -mfloat-abi=hard -mthumb -o "Src/main.o" "../Src/main.s"
arm-none-eabi-gcc -mcpu=cortex-m4 -g3 -DDEBUG -c -I"C:/Users/User/Desktop/GitHub/University/2022-II/Estructuras Computacionales/Tareas/Parcial_1/DRIVERS_/STM32L4xx_DRV_ASM/Include" -x assembler-with-cpp -MMD -MP -MF"DRIVERS_/STM32L4xx_DRV_ASM/Source/stm32l476_drv_SysTick.d" -MT"DRIVERS_/STM32L4xx_DRV_ASM/Source/stm32l476_drv_SysTick.o" --specs=nano.specs -mfpu=fpv4-sp-d16 -mfloat-abi=hard -mthumb -o "DRIVERS_/STM32L4xx_DRV_ASM/Source/stm32l476_drv_SysTick.o" "../DRIVERS_/STM32L4xx_DRV_ASM/Source/stm32l476_drv_SysTick.s"
arm-none-eabi-gcc -mcpu=cortex-m4 -g3 -DDEBUG -c -I"C:/Users/User/Desktop/GitHub/University/2022-II/Estructuras Computacionales/Tareas/Parcial_1/DRIVERS_/STM32L4xx_DRV_ASM/Include" -x assembler-with-cpp -MMD -MP -MF"DRIVERS_/STM32L4xx_DRV_ASM/Source/stm32l476_drv_gpio.d" -MT"DRIVERS_/STM32L4xx_DRV_ASM/Source/stm32l476_drv_gpio.o" --specs=nano.specs -mfpu=fpv4-sp-d16 -mfloat-abi=hard -mthumb -o "DRIVERS_/STM32L4xx_DRV_ASM/Source/stm32l476_drv_gpio.o" "../DRIVERS_/STM32L4xx_DRV_ASM/Source/stm32l476_drv_gpio.s"
arm-none-eabi-gcc -mcpu=cortex-m4 -g3 -DDEBUG -c -I"C:/Users/User/Desktop/GitHub/University/2022-II/Estructuras Computacionales/Tareas/Parcial_1/DRIVERS_/STM32L4xx_DRV_ASM/Include" -x assembler-with-cpp -MMD -MP -MF"DRIVERS_/STM32L4xx_DRV_ASM/Source/stm32l476_drv_rcc.d" -MT"DRIVERS_/STM32L4xx_DRV_ASM/Source/stm32l476_drv_rcc.o" --specs=nano.specs -mfpu=fpv4-sp-d16 -mfloat-abi=hard -mthumb -o "DRIVERS_/STM32L4xx_DRV_ASM/Source/stm32l476_drv_rcc.o" "../DRIVERS_/STM32L4xx_DRV_ASM/Source/stm32l476_drv_rcc.s"
arm-none-eabi-gcc -mcpu=cortex-m4 -g3 -DDEBUG -c -I"C:/Users/User/Desktop/GitHub/University/2022-II/Estructuras Computacionales/Tareas/Parcial_1/DRIVERS_/STM32L4xx_DRV_ASM/Include" -x assembler-with-cpp -MMD -MP -MF"DRIVERS_/STM32L4xx_DRV_ASM/Include/stm32l476_constants.d" -MT"DRIVERS_/STM32L4xx_DRV_ASM/Include/stm32l476_constants.o" --specs=nano.specs -mfpu=fpv4-sp-d16 -mfloat-abi=hard -mthumb -o "DRIVERS_/STM32L4xx_DRV_ASM/Include/stm32l476_constants.o" "../DRIVERS_/STM32L4xx_DRV_ASM/Include/stm32l476_constants.s"
arm-none-eabi-gcc -o "Parcial01.elf" @"objects.list"   -mcpu=cortex-m4 -T"C:\Users\User\Desktop\GitHub\University\2022-II\Estructuras Computacionales\Tareas\Parcial_1\STM32L476RGTX_FLASH.ld" --specs=nosys.specs -Wl,-Map="Parcial01.map" -Wl,--gc-sections -static --specs=nano.specs -mfpu=fpv4-sp-d16 -mfloat-abi=hard -mthumb -Wl,--start-group -lc -lm -Wl,--end-group
Finished building target: Parcial01.elf
 
arm-none-eabi-size   Parcial01.elf 
arm-none-eabi-objdump -h -S  Parcial01.elf  > "Parcial01.list"
   text	   data	    bss	    dec	    hex	filename
   1016	     24	   1568	   2608	    a30	Parcial01.elf
Finished building: default.size.stdout
 
Finished building: Parcial01.list
 

20:15:02 Build Finished. 0 errors, 0 warnings. (took 413ms)

