C:/Users/nomei/OneDrive/Escritorio/Examples_ec/Led_Direccionales_C/Drivers/STM32L4xx_LL_Drivers/Inc/stm32l4xx_ll_bus.h:563:22:LL_AHB2_GRP1_EnableClock	24	static
C:/Users/nomei/OneDrive/Escritorio/Examples_ec/Led_Direccionales_C/Drivers/STM32L4xx_LL_Drivers/Inc/stm32l4xx_ll_gpio.h:285:22:LL_GPIO_SetPinMode	48	static,ignoring_inline_asm
C:/Users/nomei/OneDrive/Escritorio/Examples_ec/Led_Direccionales_C/Drivers/STM32L4xx_LL_Drivers/Inc/stm32l4xx_ll_gpio.h:956:22:LL_GPIO_SetOutputPin	16	static
C:/Users/nomei/OneDrive/Escritorio/Examples_ec/Led_Direccionales_C/Drivers/STM32L4xx_LL_Drivers/Inc/stm32l4xx_ll_gpio.h:985:22:LL_GPIO_ResetOutputPin	16	static
../Core/Source/hal_nucleo_l476.c:10:6:HAL_NUCLEO_L476_INIT	8	static
../Core/Source/hal_nucleo_l476.c:45:6:LD0_Set	8	static
../Core/Source/hal_nucleo_l476.c:49:6:LD0_Reset	8	static
../Core/Source/hal_nucleo_l476.c:53:6:LD1_Set	8	static
../Core/Source/hal_nucleo_l476.c:57:6:LD1_Reset	8	static
../Core/Source/hal_nucleo_l476.c:61:6:LD2_Set	8	static
../Core/Source/hal_nucleo_l476.c:65:6:LD2_Reset	8	static
../Core/Source/hal_nucleo_l476.c:69:6:LD3_Set	8	static
../Core/Source/hal_nucleo_l476.c:73:6:LD3_Reset	8	static
../Core/Source/hal_nucleo_l476.c:77:6:LD4_Set	8	static
../Core/Source/hal_nucleo_l476.c:81:6:LD4_Reset	8	static
../Core/Source/hal_nucleo_l476.c:85:6:LD5_Set	8	static
../Core/Source/hal_nucleo_l476.c:89:6:LD5_Reset	8	static
../Core/Source/hal_nucleo_l476.c:93:6:LD6_Set	8	static
../Core/Source/hal_nucleo_l476.c:97:6:LD6_Reset	8	static
../Core/Source/hal_nucleo_l476.c:101:6:LD7_Set	8	static
../Core/Source/hal_nucleo_l476.c:105:6:LD7_Reset	8	static
